../Core/Src/main.c:66:6:Blink_LED	16	static
../Core/Src/main.c:75:5:__io_putchar	16	static
../Core/Src/main.c:80:6:HAL_UART_RxCpltCallback	16	static
../Core/Src/main.c:92:5:main	8	static
../Core/Src/main.c:144:6:SystemClock_Config	88	static
../Core/Src/main.c:190:13:MX_TIM1_Init	32	static
../Core/Src/main.c:236:13:MX_USART2_UART_Init	8	static
../Core/Src/main.c:269:13:MX_USART6_UART_Init	8	static
../Core/Src/main.c:302:13:MX_GPIO_Init	48	static
../Core/Src/main.c:356:6:Error_Handler	4	static,ignoring_inline_asm
